<!DOCTYPE html PUBLIC "-//W3C//DTD XHTML 1.0 Strict//EN" "http://www.w3.org/TR/xhtml1/DTD/xhtml1-strict.dtd">
<html xmlns="http://www.w3.org/1999/xhtml" xml:lang="en" lang="en">
	<head>
		<meta http-equiv="Content-Type" content="text/html; charset=utf-8"/>
		<base href="http://SERVER_NAME:0/" />
		<title>Agavi.jp</title>

		<link rel="stylesheet" type="text/css" href="css/global.css" />
		<link rel="stylesheet" type="text/css" href="css/main.css" />
	</head>
	<body>
		<div id="header">
			<div id="sitename"><a href=""><img src="images/logo.png" alt="Agavi.jp" width="109" height="24"/></a></div>
		</div>
		<div id="content">
				<h1>main!</h1>
<p>other</p>
<p>log</p>
		</div>
		<div id="footer">
			<p id="footer-copyright">&copy;2011 agavi.jp</p>
		</div>
	</body>
</html>
